Nothing to build in platform 'FPRock_Platform'

21:09:37 **** Incremental Build of configuration Debug for project FPRock_CmodA735t_app ****
make all 
Building file: ../src/testperiph.c
Invoking: MicroBlaze gcc compiler
mb-gcc -Wall -Os -g3 -c -fmessage-length=0 -MT"src/testperiph.o" -I/home/chrispy/workspace/FPRock_CmodA735t/FPRock_Platform/export/FPRock_Platform/sw/FPRock_Platform/standalone_domain/bspinclude/include -mlittle-endian -mxl-barrel-shift -mxl-pattern-compare -mno-xl-soft-div -mcpu=v11.0 -mno-xl-soft-mul -mxl-multiply-high -mhard-float -Wl,--no-relax -ffunction-sections -fdata-sections -MMD -MP -MF"src/testperiph.d" -MT"src/testperiph.o" -o "src/testperiph.o" "../src/testperiph.c"
../src/testperiph.c: In function 'BME280_RegSet':
../src/testperiph.c:188:66: warning: passing argument 3 of 'XIic_Send' from incompatible pointer type [-Wincompatible-pointer-types]
  byteCount = XIic_Send(XPAR_AXI_IIC_0_BASEADDR, BME280_IIC_ADDR, &sendArray, 2, XIIC_STOP);
                                                                  ^~~~~~~~~~
In file included from ../src/testperiph.c:24:
/home/chrispy/workspace/FPRock_CmodA735t/FPRock_Platform/export/FPRock_Platform/sw/FPRock_Platform/standalone_domain/bspinclude/include/xiic_l.h:573:10: note: expected 'u8 *' {aka 'unsigned char *'} but argument is of type 'u8 (*)[2]' {aka 'unsigned char (*)[2]'}
      u8 *BufferPtr, unsigned ByteCount, u8 Option);
      ~~~~^~~~~~~~~
../src/testperiph.c: In function 'fletcher':
../src/testperiph.c:230:11: warning: assignment to 'u8' {aka 'unsigned char'} from 'u8 **' {aka 'unsigned char **'} makes integer from pointer without a cast [-Wint-conversion]
   *ckBptr = *ckBptr + &ckAptr;
           ^
../src/testperiph.c: At top level:
../src/testperiph.c:237:16: warning: pointer targets in initialization of 'u8 *' {aka 'unsigned char *'} from 'char *' differ in signedness [-Wpointer-sign]
 u8 *testbuff = "hello!\n\r";
                ^~~~~~~~~~~~
../src/testperiph.c: In function 'main':
../src/testperiph.c:304:7: warning: unsigned conversion from 'int' to 'u8' {aka 'unsigned char'} changes value from '-256' to '0' [-Woverflow]
       ~(BME280_RESET_MASK),
       ^~~~~~~~~~~~~~~~~~~~
../src/testperiph.c:314:7: warning: unsigned conversion from 'int' to 'u8' {aka 'unsigned char'} changes value from '-253' to '3' [-Woverflow]
       ~(BME280_CONFIG_T_SB_MASK | BME280_CONFIG_FILTER_MASK),
       ^~~~~~~~~~~~~~~~~~~~~~~~~~~~~~~~~~~~~~~~~~~~~~~~~~~~~~
../src/testperiph.c:334:7: warning: unsigned conversion from 'int' to 'u8' {aka 'unsigned char'} changes value from '-256' to '0' [-Woverflow]
       ~(BME280_CTRL_MEAS_MODE_MASK | BME280_CTRL_MEAS_OSRS_P_MASK | BME280_CTRL_MEAS_OSRS_T_MASK),
       ^~~~~~~~~~~~~~~~~~~~~~~~~~~~~~~~~~~~~~~~~~~~~~~~~~~~~~~~~~~~~~~~~~~~~~~~~~~~~~~~~~~~~~~~~~~
../src/testperiph.c:369:66: warning: passing argument 3 of 'XIic_Recv' from incompatible pointer type [-Wincompatible-pointer-types]
  ByteCount = XIic_Recv(XPAR_AXI_IIC_0_BASEADDR, BME280_IIC_ADDR, &data, 8, XIIC_STOP);
                                                                  ^~~~~
In file included from ../src/testperiph.c:24:
/home/chrispy/workspace/FPRock_CmodA735t/FPRock_Platform/export/FPRock_Platform/sw/FPRock_Platform/standalone_domain/bspinclude/include/xiic_l.h:570:10: note: expected 'u8 *' {aka 'unsigned char *'} but argument is of type 'uint8_t (*)[6]' {aka 'unsigned char (*)[6]'}
      u8 *BufferPtr, unsigned ByteCount, u8 Option);
      ~~~~^~~~~~~~~
../src/testperiph.c:404:70: warning: passing argument 3 of 'XIic_Recv' from incompatible pointer type [-Wincompatible-pointer-types]
      ByteCount = XIic_Recv(XPAR_AXI_IIC_0_BASEADDR, BME280_IIC_ADDR, &data, 8, XIIC_STOP);
                                                                      ^~~~~
In file included from ../src/testperiph.c:24:
/home/chrispy/workspace/FPRock_CmodA735t/FPRock_Platform/export/FPRock_Platform/sw/FPRock_Platform/standalone_domain/bspinclude/include/xiic_l.h:570:10: note: expected 'u8 *' {aka 'unsigned char *'} but argument is of type 'uint8_t (*)[6]' {aka 'unsigned char (*)[6]'}
      u8 *BufferPtr, unsigned ByteCount, u8 Option);
      ~~~~^~~~~~~~~
../src/testperiph.c:391:5: warning: unused variable 'printData' [-Wunused-variable]
  u8 printData;
     ^~~~~~~~~
../src/testperiph.c:269:8: warning: unused variable 'GPS_BAvail' [-Wunused-variable]
    u16 GPS_BAvail;
        ^~~~~~~~~~
../src/testperiph.c:268:7: warning: unused variable 'GPS_Status' [-Wunused-variable]
    u8 GPS_Status[2];
       ^~~~~~~~~~
../src/testperiph.c:265:8: warning: variable 'ByteCount' set but not used [-Wunused-but-set-variable]
    int ByteCount;
        ^~~~~~~~~
../src/testperiph.c:253:8: warning: unused variable 'Busy' [-Wunused-variable]
    u32 Busy;
        ^~~~
../src/testperiph.c:243:17: warning: unused variable 'intc' [-Wunused-variable]
    static XIntc intc;
                 ^~~~
At top level:
../src/testperiph.c:243:17: warning: 'intc' defined but not used [-Wunused-variable]
../src/testperiph.c: In function 'main':
../src/testperiph.c:373:23: warning: array subscript 6 is above array bounds of 'uint8_t[6]' {aka 'unsigned char[6]'} [-Warray-bounds]
  hum_data = ((u32)data[6] << 8) | ((u32)data[7]);
                   ~~~~^~~
../src/testperiph.c:373:45: warning: array subscript 7 is above array bounds of 'uint8_t[6]' {aka 'unsigned char[6]'} [-Warray-bounds]
  hum_data = ((u32)data[6] << 8) | ((u32)data[7]);
                                         ~~~~^~~
../src/testperiph.c:409:27: warning: array subscript 6 is above array bounds of 'uint8_t[6]' {aka 'unsigned char[6]'} [-Warray-bounds]
      hum_data = ((u32)data[6] << 8) | ((u32)data[7]);
                       ~~~~^~~
../src/testperiph.c:409:49: warning: array subscript 7 is above array bounds of 'uint8_t[6]' {aka 'unsigned char[6]'} [-Warray-bounds]
      hum_data = ((u32)data[6] << 8) | ((u32)data[7]);
                                             ~~~~^~~
Finished building: ../src/testperiph.c
 
Building target: FPRock_CmodA735t_app.elf
Invoking: MicroBlaze gcc linker
mb-gcc -Wl,-T -Wl,../src/lscript.ld -L/home/chrispy/workspace/FPRock_CmodA735t/FPRock_Platform/export/FPRock_Platform/sw/FPRock_Platform/standalone_domain/bsplib/lib -mlittle-endian -mxl-barrel-shift -mxl-pattern-compare -mno-xl-soft-div -mcpu=v11.0 -mno-xl-soft-mul -mxl-multiply-high -mhard-float -Wl,--no-relax -Wl,--gc-sections -o "FPRock_CmodA735t_app.elf"  ./src/testperiph.o ./src/xgpio_tapp_example.o ./src/xiic_selftest_example.o ./src/xintc_tapp_example.o ./src/xspi_selftest_example.o ./src/xuartlite_intr_tapp_example.o ./src/xuartlite_selftest_example.o   -Wl,--start-group,-lxil,-lgcc,-lc,--end-group -Wl,--start-group,-lxilisf,-lxil,-lgcc,-lc,--end-group
Finished building target: FPRock_CmodA735t_app.elf
 
Invoking: MicroBlaze Print Size
mb-size FPRock_CmodA735t_app.elf  |tee "FPRock_CmodA735t_app.elf.size"
   text	   data	    bss	    dec	    hex	filename
  35556	   1828	   2424	  39808	   9b80	FPRock_CmodA735t_app.elf
Finished building: FPRock_CmodA735t_app.elf.size
 
